
500068392@upes-500068392 MINGW64 ~
$ cd e:

500068392@upes-500068392 MINGW64 /e
$ mkdir my1

500068392@upes-500068392 MINGW64 /e
$ mkdir my2

500068392@upes-500068392 MINGW64 /e
$ cd my1

500068392@upes-500068392 MINGW64 /e/my1
$ git init
Initialized empty Git repository in E:/my1/.git/

500068392@upes-500068392 MINGW64 /e/my1 (master)
$ cd .git

500068392@upes-500068392 MINGW64 /e/my1/.git (GIT_DIR!)
$ git log
fatal: your current branch 'master' does not have any commits yet

500068392@upes-500068392 MINGW64 /e/my1/.git (GIT_DIR!)
$ cd ..

500068392@upes-500068392 MINGW64 /e/my1 (master)
$ vi f1.txt

500068392@upes-500068392 MINGW64 /e/my1 (master)
$ vi f2.txt

500068392@upes-500068392 MINGW64 /e/my1 (master)
$ git help nano
The system cannot find the file C:/Program Files/Git/mingw64/share/doc/git-doc/gitnano.html.

500068392@upes-500068392 MINGW64 /e/my1 (master)
$ vi f1.txt

500068392@upes-500068392 MINGW64 /e/my1 (master)
$ git add f1.txt
warning: LF will be replaced by CRLF in f1.txt.
The file will have its original line endings in your working directory

500068392@upes-500068392 MINGW64 /e/my1 (master)
$ git commit -m "1"
[master (root-commit) c565742] 1
 Committer: SHASHWAT KUMAR <500068392@DDN.UPES.AC.IN>
Your name and email address were configured automatically based
on your username and hostname. Please check that they are accurate.
You can suppress this message by setting them explicitly:

    git config --global user.name "Your Name"
    git config --global user.email you@example.com

After doing this, you may fix the identity used for this commit with:

    git commit --amend --reset-author

 1 file changed, 2 insertions(+)
 create mode 100644 f1.txt

500068392@upes-500068392 MINGW64 /e/my1 (master)
$ got remote add origin https://github.com/shashwat9kumar/my1.git
bash: got: command not found

500068392@upes-500068392 MINGW64 /e/my1 (master)
$ git remote add origin https://github.com/shashwat9kumar/my1.git

500068392@upes-500068392 MINGW64 /e/my1 (master)
$ git push origin master
Enumerating objects: 3, done.
Counting objects: 100% (3/3), done.
Writing objects: 100% (3/3), 227 bytes | 45.00 KiB/s, done.
Total 3 (delta 0), reused 0 (delta 0)
To https://github.com/shashwat9kumar/my1.git
 * [new branch]      master -> master

500068392@upes-500068392 MINGW64 /e/my1 (master)
$ vi f2.txt

500068392@upes-500068392 MINGW64 /e/my1 (master)
$ git add --all
warning: LF will be replaced by CRLF in f2.txt.
The file will have its original line endings in your working directory

500068392@upes-500068392 MINGW64 /e/my1 (master)
$ git commit -m "2"
[master 8e4fba4] 2
 Committer: SHASHWAT KUMAR <500068392@DDN.UPES.AC.IN>
Your name and email address were configured automatically based
on your username and hostname. Please check that they are accurate.
You can suppress this message by setting them explicitly:

    git config --global user.name "Your Name"
    git config --global user.email you@example.com

After doing this, you may fix the identity used for this commit with:

    git commit --amend --reset-author

 1 file changed, 2 insertions(+)
 create mode 100644 f2.txt

500068392@upes-500068392 MINGW64 /e/my1 (master)
$ git push origin master
Enumerating objects: 3, done.
Counting objects: 100% (3/3), done.
Delta compression using up to 4 threads
Compressing objects: 100% (2/2), done.
Writing objects: 100% (2/2), 243 bytes | 48.00 KiB/s, done.
Total 2 (delta 0), reused 0 (delta 0)
To https://github.com/shashwat9kumar/my1.git
   c565742..8e4fba4  master -> master

500068392@upes-500068392 MINGW64 /e/my1 (master)
$ vi f1.txt

500068392@upes-500068392 MINGW64 /e/my1 (master)
$ vi f2.txt

500068392@upes-500068392 MINGW64 /e/my1 (master)
$ git diff
warning: LF will be replaced by CRLF in f1.txt.
The file will have its original line endings in your working directory
warning: LF will be replaced by CRLF in f2.txt.
The file will have its original line endings in your working directory
diff --git a/f1.txt b/f1.txt
index fa3ac08..bb88d59 100644
--- a/f1.txt
+++ b/f1.txt
@@ -1,2 +1,3 @@
 Shashwat
+Kumar

diff --git a/f2.txt b/f2.txt
index fa3ac08..120904c 100644
--- a/f2.txt
+++ b/f2.txt
@@ -1,2 +1,2 @@
 Shashwat
-
+Kumar

500068392@upes-500068392 MINGW64 /e/my1 (master)
$ git status
On branch master
Changes not staged for commit:
  (use "git add <file>..." to update what will be committed)
  (use "git checkout -- <file>..." to discard changes in working directory)

        modified:   f1.txt
        modified:   f2.txt

no changes added to commit (use "git add" and/or "git commit -a")

500068392@upes-500068392 MINGW64 /e/my1 (master)
$ cat f1.txt
Shashwat
Kumar


500068392@upes-500068392 MINGW64 /e/my1 (master)
$ git checkout -- f1.txt

500068392@upes-500068392 MINGW64 /e/my1 (master)
$ git status
On branch master
Changes not staged for commit:
  (use "git add <file>..." to update what will be committed)
  (use "git checkout -- <file>..." to discard changes in working directory)

        modified:   f2.txt

no changes added to commit (use "git add" and/or "git commit -a")

500068392@upes-500068392 MINGW64 /e/my1 (master)
$ cat f1.txt
Shashwat


500068392@upes-500068392 MINGW64 /e/my1 (master)
$ vi f1.txt

500068392@upes-500068392 MINGW64 /e/my1 (master)
$ git commit -a
warning: LF will be replaced by CRLF in f2.txt.
The file will have its original line endings in your working directory
hint: Waiting for your editor to close the file... error: cannot spawn emacs: No such file or directory
error: unable to start editor 'emacs'
Please supply the message using either -m or -F option.

500068392@upes-500068392 MINGW64 /e/my1 (master)
$ git status
On branch master
Changes not staged for commit:
  (use "git add <file>..." to update what will be committed)
  (use "git checkout -- <file>..." to discard changes in working directory)

        modified:   f1.txt
        modified:   f2.txt

no changes added to commit (use "git add" and/or "git commit -a")

500068392@upes-500068392 MINGW64 /e/my1 (master)
$ git commit -a -m "3"
warning: LF will be replaced by CRLF in f2.txt.
The file will have its original line endings in your working directory
[master 170234c] 3
 Committer: SHASHWAT KUMAR <500068392@DDN.UPES.AC.IN>
Your name and email address were configured automatically based
on your username and hostname. Please check that they are accurate.
You can suppress this message by setting them explicitly:

    git config --global user.name "Your Name"
    git config --global user.email you@example.com

After doing this, you may fix the identity used for this commit with:

    git commit --amend --reset-author

 2 files changed, 2 insertions(+), 2 deletions(-)

500068392@upes-500068392 MINGW64 /e/my1 (master)
$ git status
On branch master
nothing to commit, working tree clean

500068392@upes-500068392 MINGW64 /e/my1 (master)
$ git push origin master
Enumerating objects: 5, done.
Counting objects: 100% (5/5), done.
Delta compression using up to 4 threads
Compressing objects: 100% (2/2), done.
Writing objects: 100% (3/3), 267 bytes | 66.00 KiB/s, done.
Total 3 (delta 0), reused 0 (delta 0)
To https://github.com/shashwat9kumar/my1.git
   8e4fba4..170234c  master -> master

500068392@upes-500068392 MINGW64 /e/my1 (master)
$ vi f2.txt

500068392@upes-500068392 MINGW64 /e/my1 (master)
$ git status
On branch master
Changes not staged for commit:
  (use "git add <file>..." to update what will be committed)
  (use "git checkout -- <file>..." to discard changes in working directory)

        modified:   f2.txt

no changes added to commit (use "git add" and/or "git commit -a")

500068392@upes-500068392 MINGW64 /e/my1 (master)
$ git add .
warning: LF will be replaced by CRLF in f2.txt.
The file will have its original line endings in your working directory

500068392@upes-500068392 MINGW64 /e/my1 (master)
$ git status
On branch master
Changes to be committed:
  (use "git reset HEAD <file>..." to unstage)

        modified:   f2.txt


500068392@upes-500068392 MINGW64 /e/my1 (master)
$ git reset HEAD f2.txt
Unstaged changes after reset:
M       f2.txt

500068392@upes-500068392 MINGW64 /e/my1 (master)
$ git status
On branch master
Changes not staged for commit:
  (use "git add <file>..." to update what will be committed)
  (use "git checkout -- <file>..." to discard changes in working directory)

        modified:   f2.txt

no changes added to commit (use "git add" and/or "git commit -a")

500068392@upes-500068392 MINGW64 /e/my1 (master)
$ git add .
warning: LF will be replaced by CRLF in f2.txt.
The file will have its original line endings in your working directory

500068392@upes-500068392 MINGW64 /e/my1 (master)
$ git commit -a -m "4"
[master 87576b0] 4
 Committer: SHASHWAT KUMAR <500068392@DDN.UPES.AC.IN>
Your name and email address were configured automatically based
on your username and hostname. Please check that they are accurate.
You can suppress this message by setting them explicitly:

    git config --global user.name "Your Name"
    git config --global user.email you@example.com

After doing this, you may fix the identity used for this commit with:

    git commit --amend --reset-author

 1 file changed, 2 insertions(+)

500068392@upes-500068392 MINGW64 /e/my1 (master)
$ git push origin master
Enumerating objects: 5, done.
Counting objects: 100% (5/5), done.
Delta compression using up to 4 threads
Compressing objects: 100% (2/2), done.
Writing objects: 100% (3/3), 294 bytes | 98.00 KiB/s, done.
Total 3 (delta 0), reused 0 (delta 0)
To https://github.com/shashwat9kumar/my1.git
   170234c..87576b0  master -> master

500068392@upes-500068392 MINGW64 /e/my1 (master)
$ git log
commit 87576b04937633732cf28087b5e23a89ee9f8dda (HEAD -> master, origin/master)
Author: SHASHWAT KUMAR <500068392@DDN.UPES.AC.IN>
Date:   Mon Mar 18 09:45:26 2019 +0530

    4

commit 170234c3f0035da9da712cff47c104ad40b74983
Author: SHASHWAT KUMAR <500068392@DDN.UPES.AC.IN>
Date:   Mon Mar 18 09:40:46 2019 +0530

    3

commit 8e4fba429f595f050691882711ca8b2c36670051
Author: SHASHWAT KUMAR <500068392@DDN.UPES.AC.IN>
Date:   Mon Mar 18 09:35:02 2019 +0530

    2

commit c565742708c676a6825559dcec32238ee3e4e0c5
Author: SHASHWAT KUMAR <500068392@DDN.UPES.AC.IN>
Date:   Mon Mar 18 09:33:27 2019 +0530

    1

500068392@upes-500068392 MINGW64 /e/my1 (master)
$ git log --oneline
87576b0 (HEAD -> master, origin/master) 4
170234c 3
8e4fba4 2
c565742 1

500068392@upes-500068392 MINGW64 /e/my1 (master)
$ git status
On branch master
nothing to commit, working tree clean

500068392@upes-500068392 MINGW64 /e/my1 (master)
$ git reset --mixed HEAD~1
Unstaged changes after reset:
M       f2.txt

500068392@upes-500068392 MINGW64 /e/my1 (master)
$ git status
On branch master
Changes not staged for commit:
  (use "git add <file>..." to update what will be committed)
  (use "git checkout -- <file>..." to discard changes in working directory)

        modified:   f2.txt

no changes added to commit (use "git add" and/or "git commit -a")

500068392@upes-500068392 MINGW64 /e/my1 (master)
$ git commit -a -m "intermediate"
warning: LF will be replaced by CRLF in f2.txt.
The file will have its original line endings in your working directory
[master 0b7398c] intermediate
 Committer: SHASHWAT KUMAR <500068392@DDN.UPES.AC.IN>
Your name and email address were configured automatically based
on your username and hostname. Please check that they are accurate.
You can suppress this message by setting them explicitly:

    git config --global user.name "Your Name"
    git config --global user.email you@example.com

After doing this, you may fix the identity used for this commit with:

    git commit --amend --reset-author

 1 file changed, 2 insertions(+)

500068392@upes-500068392 MINGW64 /e/my1 (master)
$ git pull origin master
From https://github.com/shashwat9kumar/my1
 * branch            master     -> FETCH_HEAD
hint: Waiting for your editor to close the file... error: cannot spawn emacs: No such file or directory
error: unable to start editor 'emacs'
Not committing merge; use 'git commit' to complete the merge.

500068392@upes-500068392 MINGW64 /e/my1 (master|MERGING)
$ git commit -m "1234"
[master d5b7cd3] 1234
 Committer: SHASHWAT KUMAR <500068392@DDN.UPES.AC.IN>
Your name and email address were configured automatically based
on your username and hostname. Please check that they are accurate.
You can suppress this message by setting them explicitly:

    git config --global user.name "Your Name"
    git config --global user.email you@example.com

After doing this, you may fix the identity used for this commit with:

    git commit --amend --reset-author


500068392@upes-500068392 MINGW64 /e/my1 (master)
$ git push origin master
Enumerating objects: 2, done.
Counting objects: 100% (2/2), done.
Delta compression using up to 4 threads
Compressing objects: 100% (2/2), done.
Writing objects: 100% (2/2), 317 bytes | 158.00 KiB/s, done.
Total 2 (delta 1), reused 0 (delta 0)
remote: Resolving deltas: 100% (1/1), done.
To https://github.com/shashwat9kumar/my1.git
   87576b0..d5b7cd3  master -> master

500068392@upes-500068392 MINGW64 /e/my1 (master)
$ git pull origin master
From https://github.com/shashwat9kumar/my1
 * branch            master     -> FETCH_HEAD
Already up to date.

500068392@upes-500068392 MINGW64 /e/my1 (master)
$ git log --oneline
d5b7cd3 (HEAD -> master, origin/master) 1234
0b7398c intermediate
87576b0 4
170234c 3
8e4fba4 2
c565742 1

500068392@upes-500068392 MINGW64 /e/my1 (master)
$ git reset --mixed HEAD~2
Unstaged changes after reset:
M       f2.txt

500068392@upes-500068392 MINGW64 /e/my1 (master)
$ git commit -a -m "4321"
warning: LF will be replaced by CRLF in f2.txt.
The file will have its original line endings in your working directory
[master 14f9db7] 4321
 Committer: SHASHWAT KUMAR <500068392@DDN.UPES.AC.IN>
Your name and email address were configured automatically based
on your username and hostname. Please check that they are accurate.
You can suppress this message by setting them explicitly:

    git config --global user.name "Your Name"
    git config --global user.email you@example.com

After doing this, you may fix the identity used for this commit with:

    git commit --amend --reset-author

 1 file changed, 2 insertions(+)

500068392@upes-500068392 MINGW64 /e/my1 (master)
$ git push origin master
To https://github.com/shashwat9kumar/my1.git
 ! [rejected]        master -> master (non-fast-forward)
error: failed to push some refs to 'https://github.com/shashwat9kumar/my1.git'
hint: Updates were rejected because the tip of your current branch is behind
hint: its remote counterpart. Integrate the remote changes (e.g.
hint: 'git pull ...') before pushing again.
hint: See the 'Note about fast-forwards' in 'git push --help' for details.

500068392@upes-500068392 MINGW64 /e/my1 (master)
$ git pull origin master
From https://github.com/shashwat9kumar/my1
 * branch            master     -> FETCH_HEAD
hint: Waiting for your editor to close the file... error: cannot spawn emacs: No such file or directory
error: unable to start editor 'emacs'
Not committing merge; use 'git commit' to complete the merge.

500068392@upes-500068392 MINGW64 /e/my1 (master|MERGING)
$ git merge FETCH_HEAD
fatal: You have not concluded your merge (MERGE_HEAD exists).
Please, commit your changes before you merge.

500068392@upes-500068392 MINGW64 /e/my1 (master|MERGING)
$ git merge MERGE_HEAD
fatal: You have not concluded your merge (MERGE_HEAD exists).
Please, commit your changes before you merge.

500068392@upes-500068392 MINGW64 /e/my1 (master|MERGING)
$ git commit -a -m "inme"
[master 5bd1362] inme
 Committer: SHASHWAT KUMAR <500068392@DDN.UPES.AC.IN>
Your name and email address were configured automatically based
on your username and hostname. Please check that they are accurate.
You can suppress this message by setting them explicitly:

    git config --global user.name "Your Name"
    git config --global user.email you@example.com

After doing this, you may fix the identity used for this commit with:

    git commit --amend --reset-author


500068392@upes-500068392 MINGW64 /e/my1 (master)
$ git push origin master
Enumerating objects: 2, done.
Counting objects: 100% (2/2), done.
Delta compression using up to 4 threads
Compressing objects: 100% (2/2), done.
Writing objects: 100% (2/2), 310 bytes | 155.00 KiB/s, done.
Total 2 (delta 1), reused 0 (delta 0)
remote: Resolving deltas: 100% (1/1), done.
To https://github.com/shashwat9kumar/my1.git
   d5b7cd3..5bd1362  master -> master

500068392@upes-500068392 MINGW64 /e/my1 (master)
$ git log --oneline
5bd1362 (HEAD -> master, origin/master) inme
14f9db7 4321
d5b7cd3 1234
0b7398c intermediate
87576b0 4
170234c 3
8e4fba4 2
c565742 1

500068392@upes-500068392 MINGW64 /e/my1 (master)
$ git push --help

500068392@upes-500068392 MINGW64 /e/my1 (master)
$ vi f1.txt

500068392@upes-500068392 MINGW64 /e/my1 (master)
$ git commit -a -m "new commit"
[master 4a64484] new commit
 Committer: SHASHWAT KUMAR <500068392@DDN.UPES.AC.IN>
Your name and email address were configured automatically based
on your username and hostname. Please check that they are accurate.
You can suppress this message by setting them explicitly:

    git config --global user.name "Your Name"
    git config --global user.email you@example.com

After doing this, you may fix the identity used for this commit with:

    git commit --amend --reset-author

 1 file changed, 2 insertions(+)

500068392@upes-500068392 MINGW64 /e/my1 (master)
$ git push origin
fatal: The current branch master has no upstream branch.
To push the current branch and set the remote as upstream, use

    git push --set-upstream origin master


500068392@upes-500068392 MINGW64 /e/my1 (master)
$ git push origin master
Enumerating objects: 3, done.
Counting objects: 100% (3/3), done.
Delta compression using up to 4 threads
Compressing objects: 100% (2/2), done.
Writing objects: 100% (2/2), 249 bytes | 124.00 KiB/s, done.
Total 2 (delta 0), reused 0 (delta 0)
To https://github.com/shashwat9kumar/my1.git
   5bd1362..4a64484  master -> master

500068392@upes-500068392 MINGW64 /e/my1 (master)
$ man git-reset
bash: man: command not found

500068392@upes-500068392 MINGW64 /e/my1 (master)
$ git reset HEAD~1
Unstaged changes after reset:
M       f1.txt

500068392@upes-500068392 MINGW64 /e/my1 (master)
$ git commit -a -m "default usage of --mixed"
[master 430a2cb] default usage of --mixed
 Committer: SHASHWAT KUMAR <500068392@DDN.UPES.AC.IN>
Your name and email address were configured automatically based
on your username and hostname. Please check that they are accurate.
You can suppress this message by setting them explicitly:

    git config --global user.name "Your Name"
    git config --global user.email you@example.com

After doing this, you may fix the identity used for this commit with:

    git commit --amend --reset-author

 1 file changed, 2 insertions(+)

500068392@upes-500068392 MINGW64 /e/my1 (master)
$ git push origin master
To https://github.com/shashwat9kumar/my1.git
 ! [rejected]        master -> master (non-fast-forward)
error: failed to push some refs to 'https://github.com/shashwat9kumar/my1.git'
hint: Updates were rejected because the tip of your current branch is behind
hint: its remote counterpart. Integrate the remote changes (e.g.
hint: 'git pull ...') before pushing again.
hint: See the 'Note about fast-forwards' in 'git push --help' for details.

500068392@upes-500068392 MINGW64 /e/my1 (master)
$ git pull origin master
From https://github.com/shashwat9kumar/my1
 * branch            master     -> FETCH_HEAD
hint: Waiting for your editor to close the file... error: cannot spawn emacs: No such file or directory
error: unable to start editor 'emacs'
Not committing merge; use 'git commit' to complete the merge.

500068392@upes-500068392 MINGW64 /e/my1 (master|MERGING)
$ git commit -a -m "hello"
[master bc32948] hello
 Committer: SHASHWAT KUMAR <500068392@DDN.UPES.AC.IN>
Your name and email address were configured automatically based
on your username and hostname. Please check that they are accurate.
You can suppress this message by setting them explicitly:

    git config --global user.name "Your Name"
    git config --global user.email you@example.com

After doing this, you may fix the identity used for this commit with:

    git commit --amend --reset-author


500068392@upes-500068392 MINGW64 /e/my1 (master)
$ git push origin master
Enumerating objects: 2, done.
Counting objects: 100% (2/2), done.
Delta compression using up to 4 threads
Compressing objects: 100% (2/2), done.
Writing objects: 100% (2/2), 331 bytes | 165.00 KiB/s, done.
Total 2 (delta 1), reused 0 (delta 0)
remote: Resolving deltas: 100% (1/1), done.
To https://github.com/shashwat9kumar/my1.git
   4a64484..bc32948  master -> master

500068392@upes-500068392 MINGW64 /e/my1 (master)
$ git pull origin master
From https://github.com/shashwat9kumar/my1
 * branch            master     -> FETCH_HEAD
Already up to date.

500068392@upes-500068392 MINGW64 /e/my1 (master)
$ vi vi f1.txt
2 files to edit

500068392@upes-500068392 MINGW64 /e/my1 (master)
$ rm -f vi f1.txt

500068392@upes-500068392 MINGW64 /e/my1 (master)
$ ls
f2.txt

500068392@upes-500068392 MINGW64 /e/my1 (master)
$ vi f1.txt

500068392@upes-500068392 MINGW64 /e/my1 (master)
$ git add .
warning: LF will be replaced by CRLF in f1.txt.
The file will have its original line endings in your working directory

500068392@upes-500068392 MINGW64 /e/my1 (master)
$ git reset --mixed HEAD f1.txt
warning: --mixed with paths is deprecated; use 'git reset -- <paths>' instead.
Unstaged changes after reset:
M       f1.txt

500068392@upes-500068392 MINGW64 /e/my1 (master)
$ git reset --mixed HEAD -- f1.txt
warning: --mixed with paths is deprecated; use 'git reset -- <paths>' instead.
Unstaged changes after reset:
M       f1.txt

500068392@upes-500068392 MINGW64 /e/my1 (master)
$ git status
On branch master
Changes not staged for commit:
  (use "git add <file>..." to update what will be committed)
  (use "git checkout -- <file>..." to discard changes in working directory)

        modified:   f1.txt

no changes added to commit (use "git add" and/or "git commit -a")

500068392@upes-500068392 MINGW64 /e/my1 (master)
$ git log
commit bc3294818384e0446c993efe598479a318f88c6b (HEAD -> master, origin/master)
Merge: 430a2cb 4a64484
Author: SHASHWAT KUMAR <500068392@DDN.UPES.AC.IN>
Date:   Mon Mar 18 09:58:58 2019 +0530

    hello

commit 430a2cbc799ba8c289f0a244b58fd8af7d08dacf
Author: SHASHWAT KUMAR <500068392@DDN.UPES.AC.IN>
Date:   Mon Mar 18 09:58:19 2019 +0530

    default usage of --mixed

commit 4a6448481d8a7304bc2b73b525398666de6b5497
Author: SHASHWAT KUMAR <500068392@DDN.UPES.AC.IN>
Date:   Mon Mar 18 09:53:27 2019 +0530

    new commit

commit 5bd136221ca070f10b9a910ff0a1004fb51610d6
Merge: 14f9db7 d5b7cd3
Author: SHASHWAT KUMAR <500068392@DDN.UPES.AC.IN>
Date:   Mon Mar 18 09:51:09 2019 +0530

500068392@upes-500068392 MINGW64 /e/my1 (master)
$ git reset --hard 4a6448481d8a7304bc2b73b525398666de6b5497
HEAD is now at 4a64484 new commit

500068392@upes-500068392 MINGW64 /e/my1 (master)
$ git status
On branch master
nothing to commit, working tree clean

500068392@upes-500068392 MINGW64 /e/my1 (master)
$ git log
commit 4a6448481d8a7304bc2b73b525398666de6b5497 (HEAD -> master)
commit 4a6448481d8a7304bc2b73b525398666de6b5497 (HEAD -> master)
Author: SHASHWAT KUMAR <500068392@DDN.UPES.AC.IN>
Date:   Mon Mar 18 09:53:27 2019 +0530

    new commit

commit 5bd136221ca070f10b9a910ff0a1004fb51610d6
Merge: 14f9db7 d5b7cd3
Author: SHASHWAT KUMAR <500068392@DDN.UPES.AC.IN>
Date:   Mon Mar 18 09:51:09 2019 +0530

    inme

commit 14f9db7e90e415497883d692b8512b0acb68d462
Author: SHASHWAT KUMAR <500068392@DDN.UPES.AC.IN>
Date:   Mon Mar 18 09:49:55 2019 +0530

    4321

commit d5b7cd32dcfacddf7869a06948f80def5fb5cbc4
Merge: 0b7398c 87576b0
Author: SHASHWAT KUMAR <500068392@DDN.UPES.AC.IN>
Date:   Mon Mar 18 09:48:26 2019 +0530

500068392@upes-500068392 MINGW64 /e/my1 (master)
$

500068392@upes-500068392 MINGW64 /e/my1 (master)
$ git reset --hard origin/master
HEAD is now at bc32948 hello

500068392@upes-500068392 MINGW64 /e/my1 (master)
$ git log --oneline
bc32948 (HEAD -> master, origin/master) hello
430a2cb default usage of --mixed
4a64484 new commit
5bd1362 inme
14f9db7 4321
d5b7cd3 1234
0b7398c intermediate
87576b0 4
170234c 3
8e4fba4 2
c565742 1

500068392@upes-500068392 MINGW64 /e/my1 (master)
$ git reset --soft d5b7cd3

500068392@upes-500068392 MINGW64 /e/my1 (master)
$ git log --oneline
d5b7cd3 (HEAD -> master) 1234
0b7398c intermediate
87576b0 4
170234c 3
8e4fba4 2
c565742 1

500068392@upes-500068392 MINGW64 /e/my1 (master)
$ git status
On branch master
Changes to be committed:
  (use "git reset HEAD <file>..." to unstage)

        modified:   f1.txt


500068392@upes-500068392 MINGW64 /e/my1 (master)
$ git commit -a -m "foolish"
[master 10a2f9d] foolish
 Committer: SHASHWAT KUMAR <500068392@DDN.UPES.AC.IN>
Your name and email address were configured automatically based
on your username and hostname. Please check that they are accurate.
You can suppress this message by setting them explicitly:

    git config --global user.name "Your Name"
    git config --global user.email you@example.com

After doing this, you may fix the identity used for this commit with:

    git commit --amend --reset-author

 1 file changed, 2 insertions(+)

500068392@upes-500068392 MINGW64 /e/my1 (master)
$ git log
commit 10a2f9d97512f09e1e9b897012c39721af3f859d (HEAD -> master)
Author: SHASHWAT KUMAR <500068392@DDN.UPES.AC.IN>
Date:   Mon Mar 18 10:14:17 2019 +0530

    foolish

commit d5b7cd32dcfacddf7869a06948f80def5fb5cbc4
Merge: 0b7398c 87576b0
Author: SHASHWAT KUMAR <500068392@DDN.UPES.AC.IN>
Date:   Mon Mar 18 09:48:26 2019 +0530

    1234

commit 0b7398c6391bbd96c9af7b79dd9446a86d2f3e64
Author: SHASHWAT KUMAR <500068392@DDN.UPES.AC.IN>
Date:   Mon Mar 18 09:47:50 2019 +0530

    intermediate

commit 87576b04937633732cf28087b5e23a89ee9f8dda
Author: SHASHWAT KUMAR <500068392@DDN.UPES.AC.IN>
Date:   Mon Mar 18 09:45:26 2019 +0530


500068392@upes-500068392 MINGW64 /e/my1 (master)
$ git log --oneline
10a2f9d (HEAD -> master) foolish
d5b7cd3 1234
0b7398c intermediate
87576b0 4
170234c 3
8e4fba4 2
c565742 1

500068392@upes-500068392 MINGW64 /e/my1 (master)
$ git difftool --name-only 10a2f9d d5b7cd3
f1.txt

500068392@upes-500068392 MINGW64 /e/my1 (master)
$ git diff tool 87576b0 c565742
fatal: ambiguous argument 'tool': unknown revision or path not in the working tree.
Use '--' to separate paths from revisions, like this:
'git <command> [<revision>...] -- [<file>...]'

500068392@upes-500068392 MINGW64 /e/my1 (master)
$ git difftool -- 87576b0 c565742

500068392@upes-500068392 MINGW64 /e/my1 (master)
$ git difftool --name-only 87576b0 c565742
f1.txt
f2.txt

500068392@upes-500068392 MINGW64 /e/my1 (master)
$ ^C

500068392@upes-500068392 MINGW64 /e/my1 (master)
$
